
> poker-solver@0.1.0 test
> jest src/core/engine/scenarios.test.ts

node.exe : FAIL src/core/engine
/scenarios.test.ts
строка:1 знак:1
+ & "C:\Program Files\nodejs/no
de.exe" "C:\Users\Sopkasss\AppD
ata\Roami ...
+ ~~~~~~~~~~~~~~~~~~~~~~~~~~~~~
~~~~~~~~~~~~~~~~~~~~~~~~~~~~~~~
~~~~~~~~~
    + CategoryInfo          :  
   NotSpecified: (FAIL src/co  
  re/engine/scenarios.test.t   
 s:String) [], RemoteExcept    
ion
    + FullyQualifiedErrorId :  
   NativeCommandError
 
  Poker Engine Scenarios
    ├Ч 1. Re-raise Restriction 
(4 ms)
    ├Ч 2. Uncalled Bet Return (
1 ms)
    тИЪ 3. Heads-Up Positioning
 (1 ms)
    ├Ч 4. Short Stack Blind (2 
ms)
    ├Ч 5. Min-Raise Calculation
 (2 ms)
    ├Ч 6. Dead Small Blind (3 m
s)

  тЧП Poker Engine Scenarios тА
║ 1. Re-raise Restriction

    Action type raise is not al
lowed. Allowed: fold, call


  тЧП Poker Engine Scenarios тА
║ 2. Uncalled Bet Return

    Amount exceeds stack


  тЧП Poker Engine Scenarios тА
║ 4. Short Stack Blind

    expect(received).toBe(expec
ted) // Object.is equality

    Expected: 20
    Received: 0

    [0m [90m 180 |[39m      
   expect(sb[33m?[39m[33m.[
39mstatus)[33m.[39mtoBe([32m
'all-in'[39m)[33m;[39m
     [90m 181 |[39m
    [31m[1m>[22m[39m[90m 1
82 |[39m         expect(bb[33
m?[39m[33m.[39mbet)[33m.[3
9mtoBe([35m20[39m)[33m;[39m
     [90m     |[39m          
               [31m[1m^[22m
[39m
     [90m 183 |[39m
     [90m 184 |[39m         e
xpect(state[33m.[39mcurrentBe
t)[33m.[39mtoBe([35m20[39m)
[33m;[39m [90m// Should be 2
0, not 5[39m
     [90m 185 |[39m     })[3
3m;[39m[0m

      at Object.<anonymous> (sr
c/core/engine/scenarios.test.ts
:182:25)

  тЧП Poker Engine Scenarios тА
║ 5. Min-Raise Calculation

    expect(received).toBe(expec
ted) // Object.is equality

    Expected: 40
    Received: 50

    [0m [90m 206 |[39m      
   [90m// Raise increment = 60
 - 20 = 40.[39m
     [90m 207 |[39m         
[90m// New MinRaise = 40.[39m
    [31m[1m>[22m[39m[90m 2
08 |[39m         expect(state
[33m.[39mminRaise)[33m.[39mt
oBe([35m40[39m)[33m;[39m
     [90m     |[39m          
                      [31m[1m
^[22m[39m
     [90m 209 |[39m
     [90m 210 |[39m         
[90m// Next min raise total = 6
0 + 40 = 100.[39m
     [90m 211 |[39m         
[36mconst[39m legalActions [3
3m=[39m [33mRules[39m[33m.
[39mgetLegalActionsDetailed(sta
te)[33m;[39m[0m

      at Object.<anonymous> (sr
c/core/engine/scenarios.test.ts
:208:32)

  тЧП Poker Engine Scenarios тА
║ 6. Dead Small Blind

    expect(received).toBeUndefi
ned()

    Received: {"actedOnStreet":
 false, "bet": 10, "hasActed": 
false, "holeCards": [{"rank": "
K", "suit": "d"}, {"rank": "4",
 "suit": "h"}], "id": "C", "nam
e": "C", "seat": 2, "stack": 97
0, "startHandStack": 980, "stat
us": "active", "totalBet": 10}

    [0m [90m 296 |[39m      
   [36mconst[39m newBB [33m=
[39m nextState[33m.[39mplaye
rs[33m.[39mfind(p [33m=>[39
m p[33m.[39mbet [33m===[39m
 [35m20[39m)[33m;[39m
     [90m 297 |[39m
    [31m[1m>[22m[39m[90m 2
98 |[39m         expect(newSB)
[33m.[39mtoBeUndefined()[33m
;[39m [90m// Dead SB[39m
     [90m     |[39m          
             [31m[1m^[22m[3
9m
     [90m 299 |[39m         e
xpect(newBB[33m?[39m[33m.[3
9mid)[33m.[39mtoBe([32m'A'[
39m)[33m;[39m
     [90m 300 |[39m     })[3
3m;[39m
     [90m 301 |[39m })[33m;
[39m[0m

      at Object.<anonymous> (sr
c/core/engine/scenarios.test.ts
:298:23)

Test Suites: 1 failed, 1 total
Tests:       5 failed, 1 passed
, 6 total
Snapshots:   0 total
Time:        0.61 s, estimated 
1 s
Ran all test suites matching sr
c/core/engine/scenarios.test.ts
.
